../Core/Src/main.c:58:9:input_08	8	static
../Core/Src/main.c:59:9:input_07	8	static
../Core/Src/main.c:60:9:input_06	8	static
../Core/Src/main.c:61:9:input_05	8	static
../Core/Src/main.c:62:9:input_04	8	static
../Core/Src/main.c:63:9:input_03	8	static
../Core/Src/main.c:64:9:input_02	8	static
../Core/Src/main.c:65:9:input_01	8	static
../Core/Src/main.c:68:6:output_08	16	static
../Core/Src/main.c:69:6:output_07	16	static
../Core/Src/main.c:70:6:output_06	16	static
../Core/Src/main.c:71:6:output_05	16	static
../Core/Src/main.c:72:6:output_04	16	static
../Core/Src/main.c:73:6:output_03	16	static
../Core/Src/main.c:74:6:output_02	16	static
../Core/Src/main.c:75:6:output_01	16	static
../Core/Src/main.c:78:6:led_err_08	16	static
../Core/Src/main.c:79:6:led_err_07	16	static
../Core/Src/main.c:80:6:led_err_06	16	static
../Core/Src/main.c:81:6:led_err_05	16	static
../Core/Src/main.c:82:6:led_err_04	16	static
../Core/Src/main.c:83:6:led_err_03	16	static
../Core/Src/main.c:84:6:led_err_02	16	static
../Core/Src/main.c:85:6:led_err_01	16	static
../Core/Src/main.c:88:6:led_ready	16	static
../Core/Src/main.c:91:9:button_en	8	static
../Core/Src/main.c:108:5:main	16	static
../Core/Src/main.c:174:6:SystemClock_Config	80	static
../Core/Src/main.c:209:13:MX_GPIO_Init	48	static
../Core/Src/main.c:277:6:Error_Handler	8	static,ignoring_inline_asm
